Traceback (most recent call last):
  File "/home/mohit/code/Zynmail/Zynmail-be/app/routes/auth.py", line 44, in google_auth_callback
    flow.fetch_token(code=req.code)
    ~~~~~~~~~~~~~~~~^^^^^^^^^^^^^^^
  File "/home/mohit/code/Zynmail/Zynmail-be/.venv/lib/python3.13/site-packages/google_auth_oauthlib/flow.py", line 285, in fetch_token
    return self.oauth2session.fetch_token(self.client_config["token_uri"], **kwargs)
           ~~~~~~~~~~~~~~~~~~~~~~~~~~~~~~^^^^^^^^^^^^^^^^^^^^^^^^^^^^^^^^^^^^^^^^^^^
  File "/home/mohit/code/Zynmail/Zynmail-be/.venv/lib/python3.13/site-packages/requests_oauthlib/oauth2_session.py", line 406, in fetch_token
    self._client.parse_request_body_response(r.text, scope=self.scope)
    ~~~~~~~~~~~~~~~~~~~~~~~~~~~~~~~~~~~~~~~~^^^^^^^^^^^^^^^^^^^^^^^^^^
  File "/home/mohit/code/Zynmail/Zynmail-be/.venv/lib/python3.13/site-packages/oauthlib/oauth2/rfc6749/clients/base.py", line 426, in parse_request_body_response
    self.token = parse_token_response(body, scope=scope)
                 ~~~~~~~~~~~~~~~~~~~~^^^^^^^^^^^^^^^^^^^
  File "/home/mohit/code/Zynmail/Zynmail-be/.venv/lib/python3.13/site-packages/oauthlib/oauth2/rfc6749/parameters.py", line 444, in parse_token_response
    validate_token_parameters(params)
    ~~~~~~~~~~~~~~~~~~~~~~~~~^^^^^^^^
  File "/home/mohit/code/Zynmail/Zynmail-be/.venv/lib/python3.13/site-packages/oauthlib/oauth2/rfc6749/parameters.py", line 451, in validate_token_parameters
    raise_from_error(params.get('error'), params)
    ~~~~~~~~~~~~~~~~^^^^^^^^^^^^^^^^^^^^^^^^^^^^^
  File "/home/mohit/code/Zynmail/Zynmail-be/.venv/lib/python3.13/site-packages/oauthlib/oauth2/rfc6749/errors.py", line 398, in raise_from_error
    raise cls(**kwargs)
oauthlib.oauth2.rfc6749.errors.InvalidGrantError: (invalid_grant) Missing code verifier.

Exception: (invalid_grant) Missing code verifier.